TAP version 13
# Subtest: goal campaign repair lifecycle
    # Subtest: validates current lifecycle bindings through the canonical schema registry
    ok 1 - validates current lifecycle bindings through the canonical schema registry
      ---
      duration_ms: 40.8609
      type: 'test'
      ...
    # Subtest: commits a repair overlay and leases only invalidated work
    ok 2 - commits a repair overlay and leases only invalidated work
      ---
      duration_ms: 799.9212
      type: 'test'
      ...
    1..2
ok 1 - goal campaign repair lifecycle
  ---
  duration_ms: 841.5328
  type: 'suite'
  ...
1..1
# tests 2
# suites 1
# pass 2
# fail 0
# cancelled 0
# skipped 0
# todo 0
# duration_ms 1087.1062
